// Jest Snapshot v1, https://goo.gl/fbAQLP

exports[`ActionCameras Snapshot - renders correctement 1`] = `
<div
  className="layout-actions-cameras row p-1 m-2 bg-light rounded col-12 col-sm-12 col-md-12 col-lg-12 col-xl-12 col-xxl-12"
>
  <div
    className="name-camera-grade col-7 col-sm-7 col-md-7 col-lg-7 col-xl-7 col-xxl-7"
  >
    Chargement
  </div>
  <div
    className="switch-camera-grade col-3 col-sm-3 col-md-3 col-lg-3 col-xl-3 col-xxl-3"
  >
    <div
      className="form-check form-switch"
    >
      <input
        className="form-check-input input-switch action-1-1"
        onChange={[Function]}
        role="switch"
        type="checkbox"
      />
    </div>
  </div>
  <div
    className="rounded col-2 col-sm-2 col-md-2 col-lg-2 col-xl-2 col-xxl-2"
  >
    <i
      className="bi bi-bell-slash-fill"
      id="notification-1-1"
      onClick={[Function]}
      type="button"
    />
  </div>
</div>
`;
