// Jest Snapshot v1, https://goo.gl/fbAQLP

exports[`CameraInfo Snapshot - renders correctement 1`] = `
<div
  className="row align-items-center p-1 m-2 bg-light rounded col-10 col-lg-7"
>
  <div
    className="name-camera-grade col-9"
  >
    Lounge
  </div>
  <div
    className="bg-notification rounded col-3 col-lg-2"
    style={
      Object {
        "backgroundColor": "var(--camera-refuse)",
      }
    }
  >
    <i
      className="bi bi-bell icon-notification"
      style={
        Object {
          "color": "white",
        }
      }
    />
  </div>
</div>
`;
